src/components/sections/ContactSection.tsx(4,23): error TS2305: Module '"lucide-react"' has no exported member 'Instagram'.
